<!--  -->
<!-- This material is subject to the VoteHere Source Code Evaluation -->
<!-- License Agreement ("Agreement").  Possession and/or use of this -->
<!-- material indicates your acceptance of this Agreement in its entirety. -->
<!-- Copies of the Agreement may be found at www.votehere.net. -->
<!--  -->
<!-- Copyright 2004 VoteHere, Inc.  All Rights Reserved -->
<!--  -->
<!-- You may not download this Software if you are located in any country -->
<!-- (or are a national of a country) subject to a general U.S. or -->
<!-- U.N. embargo or are deemed to be a terrorist country (i.e., Cuba, -->
<!-- Iran, Iraq, Libya, North Korea, Sudan and Syria) by the United States -->
<!-- (each a "Prohibited Country") or are otherwise denied export -->
<!-- privileges from the United States or Canada ("Denied Person"). -->
<!-- Further, you may not transfer or re-export the Software to any such -->
<!-- country or Denied Person without a license or authorization from the -->
<!-- U.S. government.  By downloading the Software, you represent and -->
<!-- warrant that you are not a Denied Person, are not located in or a -->
<!-- national of a Prohibited Country, and will not export or re-export to -->
<!-- any Prohibited Country or Denied Party. -->
<Results><Question QuestionReference="Q0"><Text>U.S. SENATOR</Text><TotalVotesCast>10</TotalVotesCast><Answer AnswerReference="A0"><Text>Maria Cantwell</Text><Votes>4</Votes></Answer><Answer AnswerReference="A1"><Text>Robert Tilden Medley</Text><Votes>0</Votes></Answer><Answer AnswerReference="A2"><Text>Warren E. Hanson</Text><Votes>1</Votes></Answer><Answer AnswerReference="A3"><Text>Barbara Lampert</Text><Votes>0</Votes></Answer><Answer AnswerReference="A4"><Text>Slade Gorton</Text><Votes>1</Votes></Answer><Answer AnswerReference="A5"><Text>June Riggs</Text><Votes>0</Votes></Answer><Answer AnswerReference="A6"><Text>Ken McCandless</Text><Votes>2</Votes></Answer><Answer AnswerReference="A7"><Text>Deborah Senn</Text><Votes>1</Votes></Answer><Answer AnswerReference="A8"><Text>Jeff Jared</Text><Votes>1</Votes></Answer><Answer AnswerReference="A9"><Text>Write In</Text><Votes>0</Votes></Answer></Question><Question QuestionReference="Q1"><Text>U.S. REPRESENTATIVE DIST 1</Text><TotalVotesCast>10</TotalVotesCast><Answer AnswerReference="A10"><Text>Dan McDonald</Text><Votes>5</Votes></Answer><Answer AnswerReference="A11"><Text>Jay Inslee</Text><Votes>2</Votes></Answer><Answer AnswerReference="A12"><Text>Bruce Newman</Text><Votes>1</Votes></Answer><Answer AnswerReference="A13"><Text>Write In</Text><Votes>2</Votes></Answer></Question><Question QuestionReference="Q2"><Text>GOVERNOR</Text><TotalVotesCast>10</TotalVotesCast><Answer AnswerReference="A14"><Text>Gary Locke</Text><Votes>3</Votes></Answer><Answer AnswerReference="A15"><Text>Harold Hockstatter</Text><Votes>3</Votes></Answer><Answer AnswerReference="A16"><Text>Meta Heller</Text><Votes>0</Votes></Answer><Answer AnswerReference="A17"><Text>Steve W. LePage</Text><Votes>2</Votes></Answer><Answer AnswerReference="A18"><Text>John Carlson</Text><Votes>1</Votes></Answer><Answer AnswerReference="A19"><Text>Write In</Text><Votes>1</Votes></Answer></Question><Question QuestionReference="Q3"><Text>LIEUTENANT GOVERNOR</Text><TotalVotesCast>10</TotalVotesCast><Answer AnswerReference="A20"><Text>Lonnie W. Williams, Sr.</Text><Votes>0</Votes></Answer><Answer AnswerReference="A21"><Text>Brad Owen</Text><Votes>1</Votes></Answer><Answer AnswerReference="A22"><Text>Joe E. Mitschelen</Text><Votes>3</Votes></Answer><Answer AnswerReference="A23"><Text>Ruth E. Bennett</Text><Votes>2</Votes></Answer><Answer AnswerReference="A24"><Text>Wm. (Mike) Elliott</Text><Votes>4</Votes></Answer><Answer AnswerReference="A25"><Text>Write In</Text><Votes>0</Votes></Answer></Question><Question QuestionReference="Q4"><Text>SECRETARY OF STATE</Text><TotalVotesCast>10</TotalVotesCast><Answer AnswerReference="A26"><Text>Chris Loftis</Text><Votes>0</Votes></Answer><Answer AnswerReference="A27"><Text>Charles Rolland</Text><Votes>4</Votes></Answer><Answer AnswerReference="A28"><Text>Don L. Bonker</Text><Votes>1</Votes></Answer><Answer AnswerReference="A29"><Text>James Findley</Text><Votes>1</Votes></Answer><Answer AnswerReference="A30"><Text>Sam Reed</Text><Votes>2</Votes></Answer><Answer AnswerReference="A31"><Text>Allen Norman</Text><Votes>0</Votes></Answer><Answer AnswerReference="A32"><Text>Mike Wensman</Text><Votes>1</Votes></Answer><Answer AnswerReference="A33"><Text>J. Bradley Gibson</Text><Votes>0</Votes></Answer><Answer AnswerReference="A34"><Text>Will Baker</Text><Votes>1</Votes></Answer><Answer AnswerReference="A35"><Text>Rand Daley</Text><Votes>0</Votes></Answer><Answer AnswerReference="A36"><Text>Bob Terwilliger</Text><Votes>0</Votes></Answer><Answer AnswerReference="A37"><Text>Write In</Text><Votes>0</Votes></Answer></Question></Results>
